# Tresos Studio Logfile, created on 26-06-29,19:32:58

category   : Warning
project    : MCAL_FC7300F8MDQ_EB_Demo
description: The node "/AUTOSAR/TOP-LEVEL-PACKAGES/Can/ELEMENTS/Can/CanGeneral/CanSupportTTCANRef" with value "" does not refer to nodes.
detailed   : The node "/AUTOSAR/TOP-LEVEL-PACKAGES/Can/ELEMENTS/Can/CanGeneral/CanSupportTTCANRef" with value "" does not refer to nodes.
id         : 1069
resource   : 
path       : /AUTOSAR/TOP-LEVEL-PACKAGES/Can/ELEMENTS/Can/CanGeneral/CanSupportTTCANRef
location   : 
stack      : 


category   : Warning
project    : MCAL_FC7300F8MDQ_EB_Demo
description: The node "/AUTOSAR/TOP-LEVEL-PACKAGES/Pwm/ELEMENTS/Pwm/PwmChannelConfigSet/PwmChannel/PwmChannel_Eftuoutput/PwmMcuClockReferencePoint" with value "" does not refer to nodes.
detailed   : The node "/AUTOSAR/TOP-LEVEL-PACKAGES/Pwm/ELEMENTS/Pwm/PwmChannelConfigSet/PwmChannel/PwmChannel_Eftuoutput/PwmMcuClockReferencePoint" with value "" does not refer to nodes.
id         : 1069
resource   : 
path       : /AUTOSAR/TOP-LEVEL-PACKAGES/Pwm/ELEMENTS/Pwm/PwmChannelConfigSet/PwmChannel/PwmChannel_Eftuoutput/PwmMcuClockReferencePoint
location   : 
stack      : 


category   : Error
project    : MCAL_FC7300F8MDQ_EB_Demo
description: Invalid value for node "/AUTOSAR/TOP-LEVEL-PACKAGES/Mcu/ELEMENTS/Mcu/McuModuleConfiguration/McuResetConfig/McuSystemInterruptEnable/McuPartition3InterruptEnable/Cpu3WatchdogResetTrigSystemReset": CPU3 is not available.
detailed   : Invalid value for node "<a href="datamodel://MCAL_FC7300F8MDQ_EB_Demo?/AUTOSAR/TOP-LEVEL-PACKAGES/Mcu/ELEMENTS/Mcu/McuModuleConfiguration/McuResetConfig/McuSystemInterruptEnable/McuPartition3InterruptEnable/Cpu3WatchdogResetTrigSystemReset">/AUTOSAR/TOP-LEVEL-PACKAGES/Mcu/ELEMENTS/Mcu/McuModuleConfiguration/McuResetConfig/McuSystemInterruptEnable/McuPartition3InterruptEnable/Cpu3WatchdogResetTrigSystemReset</a>": CPU3 is not available.
id         : 1019
resource   : 
path       : /AUTOSAR/TOP-LEVEL-PACKAGES/Mcu/ELEMENTS/Mcu/McuModuleConfiguration/McuResetConfig/McuSystemInterruptEnable/McuPartition3InterruptEnable/Cpu3WatchdogResetTrigSystemReset
location   : 
stack      : 


category   : Error
project    : MCAL_FC7300F8MDQ_EB_Demo
description: Invalid value for node "/AUTOSAR/TOP-LEVEL-PACKAGES/Mcu/ELEMENTS/Mcu/McuModuleConfiguration/McuResetConfig/McuSystemInterruptEnable/McuPartition3InterruptEnable/Cpu3InterruptMonitorTimeoutResetTrigSystemReset": CPU3 is not available.
detailed   : Invalid value for node "/AUTOSAR/TOP-LEVEL-PACKAGES/Mcu/ELEMENTS/Mcu/McuModuleConfiguration/McuResetConfig/McuSystemInterruptEnable/McuPartition3InterruptEnable/Cpu3InterruptMonitorTimeoutResetTrigSystemReset": CPU3 is not available.
id         : 1019
resource   : 
path       : /AUTOSAR/TOP-LEVEL-PACKAGES/Mcu/ELEMENTS/Mcu/McuModuleConfiguration/McuResetConfig/McuSystemInterruptEnable/McuPartition3InterruptEnable/Cpu3InterruptMonitorTimeoutResetTrigSystemReset
location   : 
stack      : 


category   : Error
project    : MCAL_FC7300F8MDQ_EB_Demo
description: Invalid value for node "/AUTOSAR/TOP-LEVEL-PACKAGES/Mcu/ELEMENTS/Mcu/McuModuleConfiguration/McuResetConfig/McuSystemInterruptEnable/McuPartition3InterruptEnable/Cpu3SystemCoreResetTrigSystemReset": CPU3 is not available.
detailed   : Invalid value for node "/AUTOSAR/TOP-LEVEL-PACKAGES/Mcu/ELEMENTS/Mcu/McuModuleConfiguration/McuResetConfig/McuSystemInterruptEnable/McuPartition3InterruptEnable/Cpu3SystemCoreResetTrigSystemReset": CPU3 is not available.
id         : 1019
resource   : 
path       : /AUTOSAR/TOP-LEVEL-PACKAGES/Mcu/ELEMENTS/Mcu/McuModuleConfiguration/McuResetConfig/McuSystemInterruptEnable/McuPartition3InterruptEnable/Cpu3SystemCoreResetTrigSystemReset
location   : 
stack      : 


category   : Error
project    : MCAL_FC7300F8MDQ_EB_Demo
description: Invalid value for node "/AUTOSAR/TOP-LEVEL-PACKAGES/Mcu/ELEMENTS/Mcu/McuModuleConfiguration/McuResetConfig/McuSystemInterruptEnable/McuPartition3InterruptEnable/Cpu3LockupResetTrigSystemReset": CPU3 is not available.
detailed   : Invalid value for node "/AUTOSAR/TOP-LEVEL-PACKAGES/Mcu/ELEMENTS/Mcu/McuModuleConfiguration/McuResetConfig/McuSystemInterruptEnable/McuPartition3InterruptEnable/Cpu3LockupResetTrigSystemReset": CPU3 is not available.
id         : 1019
resource   : 
path       : /AUTOSAR/TOP-LEVEL-PACKAGES/Mcu/ELEMENTS/Mcu/McuModuleConfiguration/McuResetConfig/McuSystemInterruptEnable/McuPartition3InterruptEnable/Cpu3LockupResetTrigSystemReset
location   : 
stack      : 


